
> jcuescore@1.0.0 start
> ng serve

[33m>[39m Building...
[32m√[39m Building...
[1mInitial chunk files[22m[2m | [22m[1mNames[22m                 [2m | [22m [1mRaw size[22m
[32mmain.js[39m            [2m | [22m[2mmain[22m                  [2m | [22m  [36m9.91 kB[39m[2m | [22m
[32mchunk-BHG7RM26.js[39m  [2m | [22m[2m-[22m                     [2m | [22m  [36m2.46 kB[39m[2m | [22m
[32mchunk-VUJOFXKG.js[39m  [2m | [22m[2m-[22m                     [2m | [22m[36m938 bytes[39m[2m | [22m
[32mstyles.css[39m         [2m | [22m[2mstyles[22m                [2m | [22m[36m280 bytes[39m[2m | [22m

[1m [22m                  [2m | [22m[1mInitial total[22m         [2m | [22m [1m13.59 kB[22m

[1mLazy chunk files[22m   [2m | [22m[1mNames[22m                 [2m | [22m [1mRaw size[22m
[32mchunk-7VP2PXHP.js[39m  [2m | [22m[2mmesa[22m                  [2m | [22m [36m94.43 kB[39m[2m | [22m
[32mchunk-J2UFAH6B.js[39m  [2m | [22m[2mtorneos[22m               [2m | [22m [36m84.66 kB[39m[2m | [22m
[32mchunk-RECVA2DQ.js[39m  [2m | [22m[2mpedidos-page[22m          [2m | [22m [36m64.17 kB[39m[2m | [22m
[32mchunk-XC4GRRTE.js[39m  [2m | [22m[2mclientes[22m              [2m | [22m [36m63.48 kB[39m[2m | [22m
[32mchunk-S3CAXLEW.js[39m  [2m | [22m[2mproductos-usuario-page[22m[2m | [22m [36m59.41 kB[39m[2m | [22m
[32mchunk-SQJYVOZO.js[39m  [2m | [22m[2mcaja[22m                  [2m | [22m [36m56.98 kB[39m[2m | [22m
[32mchunk-MIN2RZIZ.js[39m  [2m | [22m[2mturno[22m                 [2m | [22m [36m51.08 kB[39m[2m | [22m
[32mchunk-RH4LCJIU.js[39m  [2m | [22m[2mdeudas[22m                [2m | [22m [36m51.01 kB[39m[2m | [22m
[32mchunk-RVBHA5JN.js[39m  [2m | [22m[2mproductos[22m             [2m | [22m [36m50.44 kB[39m[2m | [22m
[32mchunk-NRUW7FRO.js[39m  [2m | [22m[2mroles[22m                 [2m | [22m [36m48.93 kB[39m[2m | [22m
[32mchunk-YBCZVOXC.js[39m  [2m | [22m[2mdeudas-garitero[22m       [2m | [22m [36m48.86 kB[39m[2m | [22m
[32mchunk-LB6XCPW4.js[39m  [2m | [22m[2mreservas-admin[22m        [2m | [22m [36m45.91 kB[39m[2m | [22m
[32mchunk-BUYNQVDB.js[39m  [2m | [22m[2mmodulos[22m               [2m | [22m [36m43.37 kB[39m[2m | [22m
[32mchunk-W2XI73G6.js[39m  [2m | [22m[2mreportes[22m              [2m | [22m [36m40.27 kB[39m[2m | [22m
[32mchunk-GKLCCME2.js[39m  [2m | [22m[2mmesas[22m                 [2m | [22m [36m38.26 kB[39m[2m | [22m
[2m...and 28 more lazy chunks files. Use "--verbose" to show all the files.[22m

Application bundle generation complete. [6.355 seconds] - 2026-05-17T21:47:31.268Z

Watch mode enabled. Watching for file changes...
NOTE: Raw file sizes do not reflect development server per-request transformations.
  [32m➜[39m  [1mLocal[22m:   [36mhttp://localhost:[1m4200[22m/[39m
[2m[32m  ➜[39m[22m[2m  press [22m[1mh + enter[22m[2m to show help[22m
[33m>[39m Changes detected. Rebuilding...
[32m√[39m Changes detected. Rebuilding...
[1mInitial chunk files[22m[2m | [22m[1mNames[22m [2m | [22m[1mRaw size[22m
[32mmain.js[39m            [2m | [22m[2mmain[22m  [2m | [22m [36m9.91 kB[39m[2m | [22m

[1mLazy chunk files[22m   [2m | [22m[1mNames[22m [2m | [22m[1mRaw size[22m
[32mchunk-GCGGJUSH.js[39m  [2m | [22m[2minicio[22m[2m | [22m[36m29.19 kB[39m[2m | [22m

Application bundle generation complete. [7.013 seconds] - 2026-05-17T22:09:01.950Z

Page reload sent to client(s).
[33m>[39m Changes detected. Rebuilding...
[32m√[39m Changes detected. Rebuilding...
[1mInitial chunk files[22m[2m | [22m[1mNames[22m [2m | [22m[1mRaw size[22m
[32mmain.js[39m            [2m | [22m[2mmain[22m  [2m | [22m [36m9.91 kB[39m[2m | [22m

[1mLazy chunk files[22m   [2m | [22m[1mNames[22m [2m | [22m[1mRaw size[22m
[32mchunk-4FJTW4YV.js[39m  [2m | [22m[2minicio[22m[2m | [22m[36m29.25 kB[39m[2m | [22m

Application bundle generation complete. [2.498 seconds] - 2026-05-17T22:09:25.170Z

Component update sent to client(s).
[33m>[39m Changes detected. Rebuilding...
[32m√[39m Changes detected. Rebuilding...
[1mInitial chunk files[22m[2m | [22m[1mNames[22m         [2m | [22m [1mRaw size[22m
[32mmain.js[39m            [2m | [22m[2mmain[22m          [2m | [22m  [36m9.91 kB[39m[2m | [22m
[32mchunk-L2LMLMRJ.js[39m  [2m | [22m[2m-[22m             [2m | [22m  [36m2.87 kB[39m[2m | [22m

[1mLazy chunk files[22m   [2m | [22m[1mNames[22m         [2m | [22m [1mRaw size[22m
[32mchunk-I6DEC2TD.js[39m  [2m | [22m[2mpedidos-page[22m  [2m | [22m [36m64.17 kB[39m[2m | [22m
[32mchunk-RSRLDYHT.js[39m  [2m | [22m[2mperfil[22m        [2m | [22m [36m32.95 kB[39m[2m | [22m
[32mchunk-VM53ITEA.js[39m  [2m | [22m[2mreservas[22m      [2m | [22m [36m32.62 kB[39m[2m | [22m
[32mchunk-PTS3DKCL.js[39m  [2m | [22m[2minicio[22m        [2m | [22m [36m29.25 kB[39m[2m | [22m
[32mchunk-MGPBLEGN.js[39m  [2m | [22m[2musuario[22m       [2m | [22m [36m26.52 kB[39m[2m | [22m
[32mchunk-MZ7RCGL3.js[39m  [2m | [22m[2mdashboard[22m     [2m | [22m [36m26.04 kB[39m[2m | [22m
[32mchunk-SJUSTMNB.js[39m  [2m | [22m[2msign-in[22m       [2m | [22m [36m22.58 kB[39m[2m | [22m
[32mchunk-B7KG2BGK.js[39m  [2m | [22m[2mdeudas-usuario[22m[2m | [22m [36m19.10 kB[39m[2m | [22m
[32mchunk-KEX6P7RN.js[39m  [2m | [22m[2mgaritero[22m      [2m | [22m [36m18.87 kB[39m[2m | [22m
[32mchunk-5EPEHPFJ.js[39m  [2m | [22m[2mlog-in[22m        [2m | [22m [36m13.03 kB[39m[2m | [22m
[32mchunk-VESWQ7AX.js[39m  [2m | [22m[2mauth-routes[22m   [2m | [22m[36m500 bytes[39m[2m | [22m

Application bundle generation complete. [4.323 seconds] - 2026-05-17T22:27:19.417Z

Page reload sent to client(s).
[33m>[39m Changes detected. Rebuilding...
[32m√[39m Changes detected. Rebuilding...
[1mInitial chunk files[22m[2m | [22m[1mNames[22m [2m | [22m[1mRaw size[22m
[32mmain.js[39m            [2m | [22m[2mmain[22m  [2m | [22m [36m9.91 kB[39m[2m | [22m

[1mLazy chunk files[22m   [2m | [22m[1mNames[22m [2m | [22m[1mRaw size[22m
[32mchunk-FZHHA2MQ.js[39m  [2m | [22m[2mperfil[22m[2m | [22m[36m32.83 kB[39m[2m | [22m

Application bundle generation complete. [2.947 seconds] - 2026-05-17T22:27:28.024Z

Page reload sent to client(s).
